// Jest Snapshot v1, https://goo.gl/fbAQLP

exports[`Snapshot Testing: App component renders without crashing with the save snapshot 1`] = `
<div
  className="App"
>
  <WeekContainer />
</div>
`;
